// Jest Snapshot v1, https://goo.gl/fbAQLP

exports[`AsyncButton failing asynchronous operation should render 1`] = `
<View
  accessible={true}
  isTVSelectable={true}
  onResponderGrant={[Function]}
  onResponderMove={[Function]}
  onResponderRelease={[Function]}
  onResponderTerminate={[Function]}
  onResponderTerminationRequest={[Function]}
  onStartShouldSetResponder={[Function]}
  style={
    Object {
      "opacity": 1,
    }
  }
>
  <View
    style={
      Array [
        Object {
          "alignItems": "center",
          "justifyContent": "center",
          "minHeight": 44,
          "minWidth": 44,
        },
        undefined,
        undefined,
      ]
    }
  >
    <Text>
      Hey, there!
    </Text>
  </View>
</View>
`;

exports[`AsyncButton successful asynchronous operation should render 1`] = `
<View
  accessible={true}
  isTVSelectable={true}
  onResponderGrant={[Function]}
  onResponderMove={[Function]}
  onResponderRelease={[Function]}
  onResponderTerminate={[Function]}
  onResponderTerminationRequest={[Function]}
  onStartShouldSetResponder={[Function]}
  style={
    Object {
      "opacity": 1,
    }
  }
>
  <View
    style={
      Array [
        Object {
          "alignItems": "center",
          "justifyContent": "center",
          "minHeight": 44,
          "minWidth": 44,
        },
        undefined,
        undefined,
      ]
    }
  >
    <Text>
      Hey, there!
    </Text>
  </View>
</View>
`;
